=====================================================
 Diamond Bright LLC
 Technology & Security Assessment
 DBA: Flawless Gem AI
 Email: ceo@diamondbrightai.com
=====================================================

Client: Diamond
Technician: Joshua Bottoms
Assessment Date: Thu Jun 25 05:42:58 PM CDT 2026
Assessment ID: DB-20260625-174258

===== BUSINESS PROFILE =====
Business Type: Networking
Employees: 3
Credit Card Processing: y
Cloud Software Usage: y
Backups In Place: y
MFA Enabled: n
Internet Critical To Operations: y
Average Daily Revenue: $1000

===== AUTHORIZATION NOTICE =====
This assessment is intended only for systems and networks where permission has been granted.

===== SYSTEM INFO =====
 Static hostname: Diamond
       Icon name: computer-desktop
         Chassis: desktop 🖥️
      Machine ID: 2ab648e548894ec3b2f4783e17893f30
         Boot ID: f4fb5545bbaa48f6928e28f767807ea0
    Product UUID: 0853b100-ff00-b1e0-5308-00ffe0b15308
Operating System: Kali GNU/Linux Rolling
          Kernel: Linux 6.19.14+kali-amd64
    Architecture: x86-64
 Hardware Vendor: Gigabyte Technology Co., Ltd.
  Hardware Model: B860 DS3H WIFI6E
 Hardware Serial: SN0115925
Hardware Version: -CF-IDO
Firmware Version: F7f
   Firmware Date: Wed 2025-07-09
    Firmware Age: 11month 2w 3d
Linux Diamond 6.19.14+kali-amd64 #1 SMP PREEMPT_DYNAMIC Kali 6.19.14-1+kali1 (2026-05-05) x86_64 GNU/Linux
 17:42:58 up 19:01,  1 user,  load average: 1.69, 1.98, 1.57

===== CPU / MEMORY =====
CPU(s):                                  10
On-line CPU(s) list:                     0-9
Model name:                              Intel(R) Core(TM) Ultra 5 225F
Thread(s) per core:                      1
Core(s) per socket:                      10
Socket(s):                               1
CPU(s) scaling MHz:                      51%
NUMA node0 CPU(s):                       0-9
               total        used        free      shared  buff/cache   available
Mem:            15Gi       8.6Gi       2.0Gi       755Mi       5.8Gi       6.7Gi
Swap:           15Gi       139Mi        15Gi

===== DISK / STORAGE =====
NAME        FSTYPE   FSVER LABEL UUID                                 FSAVAIL FSUSE% MOUNTPOINTS
loop0       squashfs 4.0                                                    0   100% /snap/code/245
loop1       squashfs 4.0                                                    0   100% /snap/btop/1004
loop2       squashfs 4.0                                                    0   100% /snap/chromium/3459
loop3       squashfs 4.0                                                    0   100% /snap/9gridtools/8
loop4       squashfs 4.0                                                    0   100% /snap/briar-tsugu/2
loop5       squashfs 4.0                                                    0   100% /snap/9gridtools/7
loop6       squashfs 4.0                                                    0   100% /snap/code/247
loop7       squashfs 4.0                                                    0   100% /snap/bitpay/56
loop8       squashfs 4.0                                                    0   100% /snap/core18/2999
loop9       squashfs 4.0                                                    0   100% /snap/chromium/3464
loop10      squashfs 4.0                                                    0   100% /snap/core/17292
loop11      squashfs 4.0                                                    0   100% /snap/core20/2866
loop12      squashfs 4.0                                                    0   100% /snap/bare/5
loop13      squashfs 4.0                                                    0   100% /snap/core22/2411
loop14      squashfs 4.0                                                    0   100% /snap/core24/1643
loop15      squashfs 4.0                                                    0   100% /snap/cups/1206
loop16      squashfs 4.0                                                    0   100% /snap/firefox/8504
loop17      squashfs 4.0                                                    0   100% /snap/firefox/8521
loop18      squashfs 4.0                                                    0   100% /snap/gnome-3-28-1804/198
loop19      squashfs 4.0                                                    0   100% /snap/gnome-42-2204/247
loop20      squashfs 4.0                                                    0   100% /snap/gnome-46-2404/153
loop21      squashfs 4.0                                                    0   100% /snap/gtk-common-themes/1535
loop22      squashfs 4.0                                                    0   100% /snap/john-the-ripper/694
loop23      squashfs 4.0                                                    0   100% /snap/libreoffice/373
loop24      squashfs 4.0                                                    0   100% /snap/mesa-2404/1165
loop25      squashfs 4.0                                                    0   100% /snap/mesa-2404/1781
loop26      squashfs 4.0                                                    0   100% /snap/discord/292
loop27      squashfs 4.0                                                    0   100% /snap/mesa-core22/504
loop28      squashfs 4.0                                                    0   100% /snap/discord/293
loop29      squashfs 4.0                                                    0   100% /snap/nmap/4576
loop30      squashfs 4.0                                                    0   100% /snap/nmap/4838
loop31      squashfs 4.0                                                    0   100% /snap/node/11675
loop32      squashfs 4.0                                                    0   100% /snap/notes/176
loop33      squashfs 4.0                                                    0   100% /snap/obsidian/62
loop34      squashfs 4.0                                                    0   100% /snap/onionshare/178
loop35      squashfs 4.0                                                    0   100% /snap/onionshare/212
loop36      squashfs 4.0                                                    0   100% /snap/proton-mail/34
loop37      squashfs 4.0                                                    0   100% /snap/jq/6
loop38      squashfs 4.0                                                    0   100% /snap/snap-store/1367
loop39      squashfs 4.0                                                    0   100% /snap/snapd/26865
loop40      squashfs 4.0                                                    0   100% /snap/spotify/96
loop41      squashfs 4.0                                                    0   100% /snap/sqlmap/47
loop42      squashfs 4.0                                                    0   100% /snap/spotify/97
loop43      squashfs 4.0                                                    0   100% /snap/node/11696
loop44      squashfs 4.0                                                    0   100% /snap/telegram-desktop/7010
loop45      squashfs 4.0                                                    0   100% /snap/micro/4304
loop46      squashfs 4.0                                                    0   100% /snap/vping/29
loop47      squashfs 4.0                                                    0   100% /snap/postman/360
loop48      squashfs 4.0                                                    0   100% /snap/telegram-desktop/7014
nvme0n1                                                                              
├─nvme0n1p1 vfat     FAT32       665C-A3A5                             973.8M     0% /boot/efi
├─nvme0n1p2 ext4     1.0         b330fed2-5f4c-4f5a-bf8c-d9023a3c6722    724G    14% /
└─nvme0n1p3 swap     1           08b42a2c-7ddb-4b61-ae74-c24d9bb22311                [SWAP]
Filesystem      Size  Used Avail Use% Mounted on
udev            7.5G     0  7.5G   0% /dev
tmpfs           1.6G  2.3M  1.6G   1% /run
/dev/nvme0n1p2  900G  130G  725G  16% /
tmpfs           7.7G  488M  7.2G   7% /dev/shm
efivarfs        256K  159K   93K  64% /sys/firmware/efi/efivars
none            1.0M     0  1.0M   0% /run/credentials/systemd-journald.service
/dev/loop4      165M  165M     0 100% /snap/briar-tsugu/2
/dev/loop7      139M  139M     0 100% /snap/bitpay/56
/dev/loop13      74M   74M     0 100% /snap/core22/2411
/dev/loop0      429M  429M     0 100% /snap/code/245
/dev/loop2      189M  189M     0 100% /snap/chromium/3459
/dev/loop9      183M  183M     0 100% /snap/chromium/3464
/dev/loop5      791M  791M     0 100% /snap/9gridtools/7
/dev/loop10     106M  106M     0 100% /snap/core/17292
/dev/loop11      64M   64M     0 100% /snap/core20/2866
/dev/loop6      426M  426M     0 100% /snap/code/247
/dev/loop14      67M   67M     0 100% /snap/core24/1643
/dev/loop1      2.0M  2.0M     0 100% /snap/btop/1004
/dev/loop15      48M   48M     0 100% /snap/cups/1206
/dev/loop12     128K  128K     0 100% /snap/bare/5
/dev/loop8       56M   56M     0 100% /snap/core18/2999
/dev/loop3      593M  593M     0 100% /snap/9gridtools/8
/dev/loop16     253M  253M     0 100% /snap/firefox/8504
/dev/loop17     253M  253M     0 100% /snap/firefox/8521
/dev/loop18     165M  165M     0 100% /snap/gnome-3-28-1804/198
/dev/loop21      92M   92M     0 100% /snap/gtk-common-themes/1535
/dev/loop20     607M  607M     0 100% /snap/gnome-46-2404/153
/dev/loop19     532M  532M     0 100% /snap/gnome-42-2204/247
/dev/loop22      88M   88M     0 100% /snap/john-the-ripper/694
/dev/loop23     1.2G  1.2G     0 100% /snap/libreoffice/373
/dev/loop24     395M  395M     0 100% /snap/mesa-2404/1165
/dev/loop25     402M  402M     0 100% /snap/mesa-2404/1781
/dev/loop26     242M  242M     0 100% /snap/discord/292
/dev/loop27     204M  204M     0 100% /snap/mesa-core22/504
/dev/loop30      10M   10M     0 100% /snap/nmap/4838
/dev/loop29      10M   10M     0 100% /snap/nmap/4576
/dev/loop28     243M  243M     0 100% /snap/discord/293
/dev/loop31      42M   42M     0 100% /snap/node/11675
/dev/loop34     352M  352M     0 100% /snap/onionshare/178
/dev/loop32      31M   31M     0 100% /snap/notes/176
/dev/loop33     128M  128M     0 100% /snap/obsidian/62
/dev/loop35     315M  315M     0 100% /snap/onionshare/212
/dev/loop37     256K  256K     0 100% /snap/jq/6
/dev/loop36     120M  120M     0 100% /snap/proton-mail/34
/dev/loop38      16M   16M     0 100% /snap/snap-store/1367
/dev/loop40     176M  176M     0 100% /snap/spotify/96
/dev/loop39      50M   50M     0 100% /snap/snapd/26865
/dev/loop41      17M   17M     0 100% /snap/sqlmap/47
/dev/loop43      43M   43M     0 100% /snap/node/11696
/dev/loop42     176M  176M     0 100% /snap/spotify/97
/dev/loop44      90M   90M     0 100% /snap/telegram-desktop/7010
/dev/loop45     4.3M  4.3M     0 100% /snap/micro/4304
/dev/loop46      31M   31M     0 100% /snap/vping/29
/dev/loop47     175M  175M     0 100% /snap/postman/360
/dev/loop48      90M   90M     0 100% /snap/telegram-desktop/7014
tmpfs           7.7G  167M  7.6G   3% /tmp
/dev/nvme0n1p1  975M  320K  974M   1% /boot/efi
tmpfs           1.6G  156K  1.6G   1% /run/user/1000
none            1.0M     0  1.0M   0% /run/credentials/getty@tty1.service

===== FAILED SERVICES =====
  UNIT LOAD ACTIVE SUB DESCRIPTION

0 loaded units listed.

===== NETWORK INTERFACES =====
1: lo: <LOOPBACK,UP,LOWER_UP> mtu 65536 qdisc noqueue state UNKNOWN group default qlen 1000
    link/loopback 00:00:00:00:00:00 brd 00:00:00:00:00:00
    inet 127.0.0.1/8 scope host lo
       valid_lft forever preferred_lft forever
    inet6 ::1/128 scope host noprefixroute 
       valid_lft forever preferred_lft forever
2: eth0: <NO-CARRIER,BROADCAST,MULTICAST,UP> mtu 1500 qdisc fq_codel state DOWN group default qlen 1000
    link/ether 10:ff:e0:b1:53:08 brd ff:ff:ff:ff:ff:ff
3: wlan0: <BROADCAST,MULTICAST,UP,LOWER_UP> mtu 1500 qdisc noqueue state UP group default qlen 1000
    link/ether b6:3f:bc:9d:66:61 brd ff:ff:ff:ff:ff:ff permaddr bc:38:98:64:9f:1a
    inet 192.168.0.22/24 brd 192.168.0.255 scope global dynamic noprefixroute wlan0
       valid_lft 61166sec preferred_lft 61166sec
    inet6 fe80::69bf:b4f:6f5e:ae3e/64 scope link noprefixroute 
       valid_lft forever preferred_lft forever
4: tailscale0: <POINTOPOINT,MULTICAST,NOARP,UP,LOWER_UP> mtu 1280 qdisc fq_codel state UNKNOWN group default qlen 500
    link/none 
    inet 100.104.160.27/32 scope global tailscale0
       valid_lft forever preferred_lft forever
    inet6 fd7a:115c:a1e0::713b:a01c/128 scope global 
       valid_lft forever preferred_lft forever
    inet6 fe80::648a:6e60:6185:3ee6/64 scope link stable-privacy proto kernel_ll 
       valid_lft forever preferred_lft forever
6: docker0: <NO-CARRIER,BROADCAST,MULTICAST,UP> mtu 1500 qdisc noqueue state DOWN group default 
    link/ether 92:0d:56:92:3e:99 brd ff:ff:ff:ff:ff:ff
    inet 172.17.0.1/16 brd 172.17.255.255 scope global docker0
       valid_lft forever preferred_lft forever

===== ROUTING TABLE =====
default via 192.168.0.1 dev wlan0 proto dhcp src 192.168.0.22 metric 600 
172.17.0.0/16 dev docker0 proto kernel scope link src 172.17.0.1 linkdown 
192.168.0.0/24 dev wlan0 proto kernel scope link src 192.168.0.22 metric 600 

===== DNS CONFIG =====
# resolv.conf(5) file generated by tailscale
# For more info, see https://tailscale.com/s/resolvconf-overwrite
# DO NOT EDIT THIS FILE BY HAND -- CHANGES WILL BE OVERWRITTEN

nameserver 100.100.100.100
nameserver fd7a:115c:a1e0::53
search taila0752d.ts.net ht.home

===== INTERNET CONNECTIVITY =====
PING 1.1.1.1 (1.1.1.1) 56(84) bytes of data.
64 bytes from 1.1.1.1: icmp_seq=1 ttl=56 time=23.7 ms
64 bytes from 1.1.1.1: icmp_seq=2 ttl=56 time=22.1 ms
64 bytes from 1.1.1.1: icmp_seq=3 ttl=56 time=23.4 ms
64 bytes from 1.1.1.1: icmp_seq=4 ttl=56 time=26.3 ms
64 bytes from 1.1.1.1: icmp_seq=5 ttl=56 time=24.9 ms

--- 1.1.1.1 ping statistics ---
5 packets transmitted, 5 received, 0% packet loss, time 4006ms
rtt min/avg/max/mdev = 22.056/24.078/26.304/1.433 ms

===== DNS TEST =====

; <<>> DiG 9.20.23-1-Debian <<>> google.com
;; global options: +cmd
;; Got answer:
;; ->>HEADER<<- opcode: QUERY, status: NOERROR, id: 27209
;; flags: qr rd ra; QUERY: 1, ANSWER: 1, AUTHORITY: 0, ADDITIONAL: 1

;; OPT PSEUDOSECTION:
; EDNS: version: 0, flags:; udp: 1232
;; QUESTION SECTION:
;google.com.			IN	A

;; ANSWER SECTION:
google.com.		217	IN	A	142.251.211.46

;; Query time: 28 msec
;; SERVER: 100.100.100.100#53(100.100.100.100) (UDP)
;; WHEN: Thu Jun 25 17:43:02 CDT 2026
;; MSG SIZE  rcvd: 55


===== ROUTE QUALITY TEST =====
Start: 2026-06-25T17:43:02-0500
HOST: Diamond                                             Loss%   Snt   Last   Avg  Best  Wrst StDev
  1. AS???         _gateway                                0.0%    10    1.7   2.1   1.3   3.7   0.7
  2. AS???         ???                                    100.0    10    0.0   0.0   0.0   0.0   0.0
  3. AS???         10.224.184.73                          10.0%    10   17.4  17.1  14.2  19.5   1.7
  4. AS???         10.224.252.201                          0.0%    10   20.5  22.4  19.7  25.8   2.2
  5. AS3356        lag-104.ear6.Chicago2.Level3.net       90.0%    10   25.3  25.3  25.3  25.3   0.0
  6. AS???         ???                                    100.0    10    0.0   0.0   0.0   0.0   0.0
  7. AS3356        ACE-WORLD-W.edge3.Chicago2.Level3.net   0.0%    10   47.9  30.6  23.4  47.9   9.5
  8. AS13335       141.101.73.111                          0.0%    10   21.9  22.1  20.5  26.2   2.0
  9. AS13335       141.101.73.119                          0.0%    10   23.7  26.3  20.1  39.6   6.1
 10. AS13335       one.one.one.one                         0.0%    10   23.7  23.5  21.3  25.7   1.3

===== WIFI STATUS =====
phy#0
	Unnamed/non-netdev interface
		wdev 0x2
		addr bc:38:98:64:9f:1a
		type P2P-device
	Interface wlan0
		ifindex 3
		wdev 0x1
		addr b6:3f:bc:9d:66:61
		ssid vandyke-5G
		type managed
		channel 36 (5180 MHz), width: 80 MHz, center1: 5210 MHz
		txpower 22.00 dBm
		multicast TXQ:
			qsz-byt	qsz-pkt	flows	drops	marks	overlmt	hashcol	tx-bytes	tx-packets
			0	0	0	0	0	0	0	0		0
IN-USE  SSID        SIGNAL  RATE         BARS 
*       vandyke-5G  69      1170 Mbit/s  ▂▄▆_ 

===== LOCAL NETWORK DISCOVERY =====
Starting Nmap 7.99 ( https://nmap.org ) at 2026-06-25 17:43 -0500
Nmap scan report for puma7-atom (192.168.0.1)
Host is up (0.0035s latency).
MAC Address: 22:6A:94:A7:35:11 (Unknown)
Nmap scan report for Joshua.ht.home (192.168.0.10)
Host is up (0.10s latency).
MAC Address: 04:2E:C1:70:61:12 (Apple)
Nmap scan report for EPSON2FE02B.ht.home (192.168.0.15)
Host is up (0.086s latency).
MAC Address: F8:25:51:2F:E0:2B (Seiko Epson)
Nmap scan report for amazon-168d4620ee7c21b3.ht.home (192.168.0.24)
Host is up (0.0068s latency).
MAC Address: 18:0B:1B:44:8B:24 (Amazon Technologies)
Nmap scan report for LGwebOSTV.ht.home (192.168.0.27)
Host is up (0.085s latency).
MAC Address: DC:03:98:14:3A:7A (LG Innotek)
Nmap scan report for lwip0.ht.home (192.168.0.30)
Host is up (0.0058s latency).
MAC Address: CC:6A:10:FE:7F:8B (The Chamberlain Group)
Nmap scan report for 32onnRokuTV.ht.home (192.168.0.32)
Host is up (0.11s latency).
MAC Address: 1C:30:08:E0:5E:11 (Hui Zhou Gaoshengda Technology)
Nmap scan report for MLED100ls-836574.ht.home (192.168.0.200)
Host is up (0.089s latency).
MAC Address: 0C:4E:A0:83:65:74 (Espressif)
Nmap scan report for Diamond.ht.home (192.168.0.22)
Host is up.
Nmap done: 256 IP addresses (9 hosts up) scanned in 2.50 seconds

===== DEVICE INVENTORY SUMMARY =====
Devices Discovered: 9
Network Scanned: 192.168.0.0/24

===== LISTENING PORTS =====
Netid State  Recv-Q Send-Q               Local Address:Port  Peer Address:PortProcess
udp   UNCONN 0      0                          0.0.0.0:35684      0.0.0.0:*    users:(("chrome",pid=6283,fd=114))
udp   UNCONN 0      0                          0.0.0.0:60303      0.0.0.0:*    users:(("chrome",pid=6283,fd=145))
udp   UNCONN 0      0                          0.0.0.0:36023      0.0.0.0:*    users:(("chrome",pid=6283,fd=55))
udp   UNCONN 0      0                          0.0.0.0:52518      0.0.0.0:*    users:(("chrome",pid=6283,fd=73))
udp   UNCONN 0      0                          0.0.0.0:44462      0.0.0.0:*    users:(("syncthing",pid=1812,fd=12))
udp   UNCONN 0      0                          0.0.0.0:21027      0.0.0.0:*    users:(("syncthing",pid=1812,fd=14))
udp   UNCONN 0      0                          0.0.0.0:45664      0.0.0.0:*    users:(("chrome",pid=6283,fd=95))
udp   UNCONN 0      0                          0.0.0.0:53952      0.0.0.0:*    users:(("chrome",pid=6283,fd=185))
udp   UNCONN 0      0                          0.0.0.0:37931      0.0.0.0:*    users:(("chrome",pid=6283,fd=135))
udp   UNCONN 0      0                      224.0.0.251:5353       0.0.0.0:*    users:(("chrome",pid=6224,fd=161))
udp   UNCONN 0      0                      224.0.0.251:5353       0.0.0.0:*    users:(("chrome",pid=6224,fd=145))
udp   UNCONN 0      0                      224.0.0.251:5353       0.0.0.0:*    users:(("chrome",pid=6283,fd=143))
udp   UNCONN 0      0                      224.0.0.251:5353       0.0.0.0:*    users:(("chrome",pid=6283,fd=142))
udp   UNCONN 0      0                      224.0.0.251:5353       0.0.0.0:*    users:(("chrome",pid=6283,fd=140))
udp   UNCONN 0      0                      224.0.0.251:5353       0.0.0.0:*    users:(("chrome",pid=6283,fd=134))
udp   UNCONN 0      0                      224.0.0.251:5353       0.0.0.0:*    users:(("chrome",pid=6283,fd=133))
udp   UNCONN 0      0                      224.0.0.251:5353       0.0.0.0:*    users:(("chrome",pid=6283,fd=132))
udp   UNCONN 0      0                      224.0.0.251:5353       0.0.0.0:*    users:(("chromium",pid=7193,fd=47))
udp   UNCONN 0      0                      224.0.0.251:5353       0.0.0.0:*    users:(("chromium",pid=7193,fd=46))
udp   UNCONN 0      0                      224.0.0.251:5353       0.0.0.0:*    users:(("chromium",pid=7193,fd=43))
udp   UNCONN 0      0                          0.0.0.0:5353       0.0.0.0:*    users:(("avahi-daemon",pid=1461,fd=12))
udp   UNCONN 0      0                          0.0.0.0:54517      0.0.0.0:*    users:(("chrome",pid=6283,fd=63))
udp   UNCONN 0      0                          0.0.0.0:55012      0.0.0.0:*    users:(("chrome",pid=6283,fd=92))
udp   UNCONN 0      0                          0.0.0.0:38785      0.0.0.0:*    users:(("chrome",pid=6283,fd=104))
udp   UNCONN 0      0                          0.0.0.0:55329      0.0.0.0:*    users:(("chrome",pid=6283,fd=39))
udp   UNCONN 0      0                          0.0.0.0:39218      0.0.0.0:*    users:(("chrome",pid=6283,fd=119))
udp   UNCONN 0      0                          0.0.0.0:47483      0.0.0.0:*    users:(("chrome",pid=6283,fd=50))
udp   UNCONN 0      0                          0.0.0.0:39355      0.0.0.0:*    users:(("chrome",pid=6283,fd=108))
udp   UNCONN 0      0                          0.0.0.0:40000      0.0.0.0:*    users:(("chrome",pid=6283,fd=112))
udp   UNCONN 0      0                          0.0.0.0:48476      0.0.0.0:*    users:(("chrome",pid=6283,fd=86))
udp   UNCONN 0      0                          0.0.0.0:48714      0.0.0.0:*    users:(("chrome",pid=6283,fd=89))
udp   UNCONN 0      0                          0.0.0.0:49192      0.0.0.0:*    users:(("chrome",pid=6283,fd=77))
udp   UNCONN 0      0                          0.0.0.0:57897      0.0.0.0:*    users:(("chrome",pid=6283,fd=118))
udp   UNCONN 0      0                          0.0.0.0:41641      0.0.0.0:*    users:(("tailscaled",pid=1731,fd=20))
udp   UNCONN 0      0                          0.0.0.0:33957      0.0.0.0:*    users:(("chrome",pid=6283,fd=80))
udp   UNCONN 0      0                          0.0.0.0:50463      0.0.0.0:*    users:(("chrome",pid=6283,fd=111))
udp   UNCONN 0      0                          0.0.0.0:58945      0.0.0.0:*    users:(("chrome",pid=6283,fd=59))
udp   UNCONN 0      0                                *:34585            *:*    users:(("chrome",pid=6283,fd=137))
udp   UNCONN 0      0                                *:35280            *:*    users:(("chrome",pid=6283,fd=61))
udp   UNCONN 0      0                                *:44102            *:*    users:(("chrome",pid=6283,fd=105))
udp   UNCONN 0      0                                *:53368            *:*    users:(("chrome",pid=6283,fd=88))
udp   UNCONN 0      0                                *:45437            *:*    users:(("chrome",pid=6283,fd=91))
udp   UNCONN 0      0                                *:53666            *:*    users:(("chrome",pid=6283,fd=56))
udp   UNCONN 0      0                             [::]:21027         [::]:*    users:(("syncthing",pid=1812,fd=13))
udp   UNCONN 0      0                             [::]:5353          [::]:*    users:(("avahi-daemon",pid=1461,fd=13))
udp   UNCONN 0      0                                *:54544            *:*    users:(("chrome",pid=6283,fd=97))
udp   UNCONN 0      0                                *:22000            *:*    users:(("syncthing",pid=1812,fd=19))
udp   UNCONN 0      0                                *:38712            *:*    users:(("chrome",pid=6283,fd=197))
udp   UNCONN 0      0                                *:46999            *:*    users:(("chrome",pid=6283,fd=121))
udp   UNCONN 0      0                                *:39025            *:*    users:(("chrome",pid=6283,fd=115))
udp   UNCONN 0      0                                *:47358            *:*    users:(("chrome",pid=6283,fd=113))
udp   UNCONN 0      0                                *:56516            *:*    users:(("chrome",pid=6283,fd=83))
udp   UNCONN 0      0                                *:40181            *:*    users:(("chrome",pid=6283,fd=75))
udp   UNCONN 0      0                                *:40248            *:*    users:(("chrome",pid=6283,fd=139))
udp   UNCONN 0      0                                *:48772            *:*    users:(("chrome",pid=6283,fd=52))
udp   UNCONN 0      0                                *:48938            *:*    users:(("chrome",pid=6283,fd=147))
udp   UNCONN 0      0                                *:41129            *:*    users:(("chrome",pid=6283,fd=65))
udp   UNCONN 0      0                                *:41507            *:*    users:(("chrome",pid=6283,fd=116))
udp   UNCONN 0      0                             [::]:57980         [::]:*    users:(("syncthing",pid=1812,fd=17))
udp   UNCONN 0      0                             [::]:41641         [::]:*    users:(("tailscaled",pid=1731,fd=19))
udp   UNCONN 0      0                                *:58073            *:*    users:(("chrome",pid=6283,fd=109))
udp   UNCONN 0      0                                *:50139            *:*    users:(("chrome",pid=6283,fd=93))
udp   UNCONN 0      0                                *:34202            *:*    users:(("chrome",pid=6283,fd=78))
udp   UNCONN 0      0                                *:58815            *:*    users:(("chrome",pid=6283,fd=90))
tcp   LISTEN 0      4096                100.104.160.27:46735      0.0.0.0:*    users:(("tailscaled",pid=1731,fd=26))
tcp   LISTEN 0      4096                     127.0.0.1:1025       0.0.0.0:*    users:(("bridge",pid=4697,fd=16))
tcp   LISTEN 0      4096                     127.0.0.1:1143       0.0.0.0:*    users:(("bridge",pid=4697,fd=19))
tcp   LISTEN 0      128                        0.0.0.0:22         0.0.0.0:*    users:(("sshd",pid=7737,fd=6))
tcp   LISTEN 0      4096                     127.0.0.1:8384       0.0.0.0:*    users:(("syncthing",pid=1812,fd=21))
tcp   LISTEN 0      4096                       0.0.0.0:631        0.0.0.0:*    users:(("cupsd",pid=2043,fd=9))
tcp   LISTEN 0      4096                     127.0.0.1:9050       0.0.0.0:*    users:(("tor",pid=4911,fd=6))
tcp   LISTEN 0      4096                     127.0.0.1:41687      0.0.0.0:*    users:(("bridge",pid=4697,fd=14))
tcp   LISTEN 0      4096                     127.0.0.1:45135      0.0.0.0:*    users:(("containerd",pid=1783,fd=11))
tcp   LISTEN 0      4096   [fd7a:115c:a1e0::713b:a01c]:46021         [::]:*    users:(("tailscaled",pid=1731,fd=27))
tcp   LISTEN 0      128                           [::]:22            [::]:*    users:(("sshd",pid=7737,fd=7))
tcp   LISTEN 0      4096                          [::]:631           [::]:*    users:(("cupsd",pid=2043,fd=10))
tcp   LISTEN 0      4096                             *:22000            *:*    users:(("syncthing",pid=1812,fd=16))

===== FIREWALL STATUS =====
Status: active
Logging: on (low)
Default: deny (incoming), allow (outgoing), deny (routed)
New profiles: skip

To                         Action      From
--                         ------      ----
22/tcp                     ALLOW IN    Anywhere                  
22/tcp (v6)                ALLOW IN    Anywhere (v6)             


===== RECENT SYSTEM ERRORS =====
Jun 24 22:41:54 Diamond kernel: integrity: Problem loading X.509 certificate -22
Jun 24 22:41:54 Diamond kernel: integrity: Problem loading X.509 certificate -22
Jun 24 22:41:56 Diamond kernel: 
Jun 24 22:41:56 Diamond kernel: ACPI BIOS Error (bug): Could not resolve symbol [\_SB.PC00.LPCB.HEC.DPTF.FCHG], AE_NOT_FOUND (20250807/psargs-332)
Jun 24 22:41:56 Diamond kernel: ACPI Error: Aborting method \_SB.IETM.CHRG.PPSS due to previous error (AE_NOT_FOUND) (20250807/psparse-529)
Jun 24 22:41:58 Diamond avahi-daemon[1485]: chroot.c: open() failed: No such file or directory
Jun 24 22:42:28 Diamond lightdm[2406]: gkr-pam: unable to locate daemon control file
Jun 24 22:46:59 Diamond kernel: audit: backlog limit exceeded
Jun 24 22:46:59 Diamond kernel: audit: backlog limit exceeded
Jun 24 22:46:59 Diamond kernel: audit: backlog limit exceeded
Jun 24 22:48:48 Diamond kernel: audit: backlog limit exceeded
Jun 24 22:48:48 Diamond kernel: audit: backlog limit exceeded
Jun 24 22:48:48 Diamond kernel: audit: backlog limit exceeded
Jun 24 23:07:17 Diamond kernel: audit: backlog limit exceeded
Jun 24 23:07:17 Diamond kernel: audit: backlog limit exceeded
Jun 24 23:07:17 Diamond kernel: audit: backlog limit exceeded
Jun 24 23:08:06 Diamond kernel: audit: backlog limit exceeded
Jun 24 23:08:06 Diamond kernel: audit: backlog limit exceeded
Jun 24 23:08:06 Diamond kernel: audit: backlog limit exceeded
Jun 24 23:10:22 Diamond kernel: audit: backlog limit exceeded
Jun 24 23:10:22 Diamond kernel: audit: backlog limit exceeded
Jun 24 23:10:22 Diamond kernel: audit: backlog limit exceeded
Jun 24 23:15:47 Diamond kernel: audit: backlog limit exceeded
Jun 24 23:46:55 Diamond kernel: audit: backlog limit exceeded
Jun 24 23:46:55 Diamond kernel: audit: backlog limit exceeded
Jun 24 23:46:55 Diamond kernel: audit: backlog limit exceeded
Jun 25 00:47:56 Diamond kernel: audit: backlog limit exceeded
Jun 25 00:47:56 Diamond kernel: audit: backlog limit exceeded
Jun 25 00:47:56 Diamond kernel: audit: backlog limit exceeded
Jun 25 01:35:29 Diamond kernel: audit: backlog limit exceeded
Jun 25 01:35:29 Diamond kernel: audit: backlog limit exceeded
Jun 25 01:35:29 Diamond kernel: audit: backlog limit exceeded
Jun 25 03:09:34 Diamond pipewire[1980]: pw.node: (bluez_output.CC_BF_0C_0E_6F_4F.1-73) running -> error (Received error event)
Jun 25 15:00:04 Diamond kernel: audit: backlog limit exceeded
Jun 25 15:00:04 Diamond kernel: audit: backlog limit exceeded
Jun 25 15:00:21 Diamond kernel: audit: backlog limit exceeded
Jun 25 15:00:21 Diamond kernel: audit: backlog limit exceeded
Jun 25 15:00:21 Diamond kernel: audit: backlog limit exceeded
Jun 25 16:23:58 Diamond kernel: audit: backlog limit exceeded
Jun 25 16:23:58 Diamond kernel: audit: backlog limit exceeded
Jun 25 17:34:40 Diamond kernel: audit: backlog limit exceeded
Jun 25 17:34:40 Diamond kernel: audit: backlog limit exceeded
Jun 25 17:34:40 Diamond kernel: audit: backlog limit exceeded

===== SMART DISK HEALTH =====
--- /dev/nvme0n1 ---
smartctl 7.5 2025-04-30 r5714 [x86_64-linux-6.19.14+kali-amd64] (local build)
Copyright (C) 2002-25, Bruce Allen, Christian Franke, www.smartmontools.org

=== START OF SMART DATA SECTION ===
SMART overall-health self-assessment test result: PASSED


===== SECURITY UPDATES =====
Listing...
google-chrome-stable/stable 149.0.7827.200-1 amd64 [upgradable from: 149.0.7827.196-1]
python3-proton-core/unknown 0.7.4 all [upgradable from: 0.7.0-1]

===== LOCAL OPEN PORTS =====
Starting Nmap 7.99 ( https://nmap.org ) at 2026-06-25 17:43 -0500
Nmap scan report for localhost (127.0.0.1)
Host is up (0.0000040s latency).
Other addresses for localhost (not scanned): ::1
Not shown: 996 closed tcp ports (reset)
PORT     STATE SERVICE   VERSION
22/tcp   open  ssh       OpenSSH 10.3p1 Debian 4 (protocol 2.0)
631/tcp  open  ipp       CUPS 2.4
1025/tcp open  smtp
9050/tcp open  tor-socks Tor SOCKS proxy
1 service unrecognized despite returning data. If you know the service/version, please submit the following fingerprint at https://nmap.org/cgi-bin/submit.cgi?new-service :
SF-Port1025-TCP:V=7.99%I=7%D=6/25%Time=6A3DAF16%P=x86_64-pc-linux-gnu%r(NU
SF:LL,23,"220\x20127\.0\.0\.1\x20ESMTP\x20Service\x20Ready\r\n")%r(Generic
SF:Lines,5D,"220\x20127\.0\.0\.1\x20ESMTP\x20Service\x20Ready\r\n500\x205\
SF:.5\.2\x20Error:\x20bad\x20syntax\r\n500\x205\.5\.2\x20Error:\x20bad\x20
SF:syntax\r\n")%r(GetRequest,57,"220\x20127\.0\.0\.1\x20ESMTP\x20Service\x
SF:20Ready\r\n501\x205\.5\.2\x20Bad\x20command\r\n500\x205\.5\.2\x20Error:
SF:\x20bad\x20syntax\r\n")%r(Hello,58,"220\x20127\.0\.0\.1\x20ESMTP\x20Ser
SF:vice\x20Ready\r\n501\x205\.5\.2\x20Domain/address\x20argument\x20requir
SF:ed\x20for\x20HELO\r\n")%r(Help,4B,"220\x20127\.0\.0\.1\x20ESMTP\x20Serv
SF:ice\x20Ready\r\n502\x205\.5\.1\x20HELP\x20command\x20not\x20implemented
SF:\r\n");
Service Info: OS: Linux; CPE: cpe:/o:linux:linux_kernel

Service detection performed. Please report any incorrect results at https://nmap.org/submit/ .
Nmap done: 1 IP address (1 host up) scanned in 31.29 seconds

===== RUNNING SERVICES =====
  UNIT                                  LOAD   ACTIVE SUB     DESCRIPTION
  accounts-daemon.service               loaded active running Accounts Service
  auditd.service                        loaded active running Security Audit Logging Service
  avahi-daemon.service                  loaded active running Avahi mDNS/DNS-SD Stack
  bluetooth.service                     loaded active running Bluetooth service
  colord.service                        loaded active running Manage, Install and Generate Color Profiles
  containerd.service                    loaded active running containerd container runtime
  cron.service                          loaded active running Regular background program processing daemon
  dbus.service                          loaded active running D-Bus System Message Bus
  docker.service                        loaded active running Docker Application Container Engine
  fail2ban.service                      loaded active running Fail2Ban Service
  getty@tty1.service                    loaded active running Getty on tty1
  haveged.service                       loaded active running Entropy Daemon based on the HAVEGE algorithm
  lightdm.service                       loaded active running Light Display Manager
  me.proton.vpn.split_tunneling.service loaded active running Proton VPN Daemon
  ModemManager.service                  loaded active running Modem Manager
  NetworkManager.service                loaded active running Network Manager
  pcscd.service                         loaded active running PC/SC Smart Card Daemon
  polkit.service                        loaded active running Authorization Manager
  power-profiles-daemon.service         loaded active running Power Profiles daemon
  rsyslog.service                       loaded active running System Logging Service
  rtkit-daemon.service                  loaded active running RealtimeKit Scheduling Policy Service
  smartmontools.service                 loaded active running Self Monitoring and Reporting Technology (SMART) Daemon
  snap.cups.cups-browsed.service        loaded active running Service for snap application cups.cups-browsed
  snap.cups.cupsd.service               loaded active running Service for snap application cups.cupsd
  snapd.service                         loaded active running Snap Daemon
  ssh.service                           loaded active running OpenBSD Secure Shell server
  syncthing@root.service                loaded active running Syncthing - Open Source Continuous File Synchronization for root
  systemd-journald.service              loaded active running Journal Service
  systemd-logind.service                loaded active running User Login Management
  systemd-oomd.service                  loaded active running Userspace Out-Of-Memory (OOM) Killer
  systemd-timesyncd.service             loaded active running Network Time Synchronization
  systemd-udevd.service                 loaded active running Rule-based Manager for Device Events and Files
  systemd-userdbd.service               loaded active running User Database Manager
  tailscaled.service                    loaded active running Tailscale node agent
  tor@default.service                   loaded active running Anonymizing overlay network for TCP
  udisks2.service                       loaded active running Disk Manager
  unattended-upgrades.service           loaded active running Unattended Upgrades Shutdown
  upower.service                        loaded active running Daemon for power management
  user@1000.service                     loaded active running User Manager for UID 1000
  wpa_supplicant.service                loaded active running WPA supplicant

Legend: LOAD   → Reflects whether the unit definition was properly loaded.
        ACTIVE → The high-level unit activation state, i.e. generalization of SUB.
        SUB    → The low-level unit activation state, values depend on unit type.

40 loaded units listed.

===== WIFI SECURITY CHECK =====
Connected SSID: vandyke-5G
yes     vandyke-5G      WPA2     

===== INTERNET SPEED TEST =====

   Speedtest by Ookla

      Server: Sparklight - Vincennes, IN (id: 24017)
         ISP: Sparklight
Idle Latency:    12.95 ms   (jitter: 2.96ms, low: 11.18ms, high: 20.73ms)
    Download:   513.94 Mbps (data used: 869.6 MB)                                                   
                107.40 ms   (jitter: 31.33ms, low: 33.18ms, high: 276.61ms)
      Upload:    52.41 Mbps (data used: 27.0 MB)                                                   
                  6.31 ms   (jitter: 10.02ms, low: 4.53ms, high: 390.57ms)
 Packet Loss:     0.0%
  Result URL: https://www.speedtest.net/result/c/705ab56b-36cb-4b6b-8619-b14392dcfc02

=========================================
 AUTOMATED FINDINGS
=========================================
[PASS] Storage usage is healthy
[PASS] No failed services detected
[PASS] Firewall is active
[LOW] System updates available: 2
[PASS] Listening port count appears reasonable
[PASS] Wi-Fi encryption appears acceptable: WPA2

=========================================
 BUSINESS RISK MATRIX
=========================================
Patch Management:      MEDIUM
Firewall Protection:   LOW
Backup Status:         REPORTED IN PLACE
IoT Device Security:   REVIEW RECOMMENDED
Wireless Security:     LOW
Open Service Exposure: LOW

=========================================
 DYNAMIC SCORECARD
=========================================
Overall Technical Score: 97/100
Overall Rating: A

===== BASIC CHECKLIST =====
[ ] Router password changed
[ ] WPA2/WPA3 enabled
[ ] WPS disabled
[ ] Guest network separated
[ ] MFA enabled
[ ] Backups verified
[ ] Firmware current
[ ] Old employee/user access removed
[ ] Smart devices reviewed

=========================================
 CLIENT EXECUTIVE SNAPSHOT
=========================================

Assessment ID:
DB-20260625-174258

Overall Technical Score:
97 / 100

Overall Security Rating:
A

Technology Reliance:
VERY HIGH

Business Continuity:
FAIR

Potential One-Day Business Impact:
$1720

Recommended Protection Plan:
Diamond Bright Essential

Estimated Monthly Investment:
$99

Estimated Annual Investment:
$1188

=========================================
 EXECUTIVE SUMMARY
 FOR CLIENT REVIEW
=========================================

Overall Security Rating: A
Overall Network Rating: A
Overall System Health: A

Critical Issues Found:
None detected during this assessment.

Medium Priority Findings:
- Review router firmware
- Review connected smart/IoT devices
- Verify backup process
- Review user account and MFA settings

Low Priority Findings:
- Review recent system warnings
- Review unnecessary running services
- Review patch/update status

Recommended Actions:
1. Verify backups are working and restore-tested
2. Enable MFA on important business accounts
3. Review router and firewall configuration
4. Review connected devices for unknown equipment
5. Schedule regular monthly technology checkups

Estimated Risk Level: LOW
Potential One-Day Business Impact: $1720
Recommended Protection Plan: Diamond Bright Essential ($99/month)
Annual Protection Cost: $1188

=========================================
 IMMEDIATE PRIORITIES
=========================================

Priority 1:
Enable Multi-Factor Authentication on important business accounts.

Priority 2:
Verify backups are recoverable with a restore test.

Priority 3:
Review router firmware, WiFi settings, and firewall configuration.

Priority 4:
Schedule routine monthly technology maintenance.


=========================================
 RECOMMENDED PROTECTION PLAN
=========================================

Diamond Bright Essential

Investment:
$99/month

Designed For:
- Small businesses
- Home offices
- Businesses with low to moderate support needs

Includes:
- Monthly system health review
- Security update review
- Device inventory review
- Email support
- Remote assistance
- Quarterly technology review
=========================================
 RECOMMENDED SERVICES & QUOTE
=========================================

Patch Management Setup .............. $99
Backup Verification ................. $99
Router / Firewall Audit ............. $149

-----------------------------------------
Recommended Monthly Service Plan
Diamond Bright Essential ............ $99/mo
-----------------------------------------

Estimated Remediation Value: $347
Monthly Service Estimate: $99/month

Monthly Plan Benefit:
Initial remediation may be included with
a qualifying monthly protection plan.

New Client Offer:
20% OFF first month when purchased
within 7 days of assessment.



=========================================
 TECHNOLOGY DEPENDENCY ANALYSIS
=========================================
Technology Dependency Score: 8/10
Business Technology Reliance: VERY HIGH

Business Observation:
Operations appear highly dependent on
technology and internet connectivity.
Business interruptions could result in
immediate productivity and revenue loss.

Business Continuity Score: 70/100
Continuity Rating: FAIR


=========================================
 BUSINESS FINANCIAL IMPACT ANALYSIS
=========================================

Employees: 3
Average Hourly Wage: $30

Employee Productivity Loss
-----------------------------------------
2 Hour Outage:     $180
Half Day Outage:   $360
Full Day Outage:   $720

Estimated Daily Revenue Impact:
$1000

Potential One-Day Business Impact:
$1720

Annual Protection Plan Cost:
$1188

Monthly Protection Comparison:
One day of disruption could equal
18 month(s) of protection coverage.

Business Consideration:
Would you rather budget predictable
technology costs each month, or absorb
unexpected downtime costs when problems occur?



=========================================
 CLIENT ACKNOWLEDGEMENT
=========================================
Assessment ID: DB-20260625-174258

Client Name: __________________________

Signature: ____________________________

Date: _________________________________

By signing, the client acknowledges receipt
of this technology assessment report.

Technician: Joshua Bottoms
Diamond Bright LLC
Email: ceo@diamondbrightai.com
Website: flawlessgemai.com
==============================================
 Assessment Complete
==============================================
